// Jest Snapshot v1, https://goo.gl/fbAQLP

exports[`PricingTable renders correctly 1`] = `
<section
  className="pricingTableSection"
>
  <h3>
    headline
  </h3>
  <p>
    1.22
  </p>
  <div
    className="description"
  >
    Description
  </div>
  <div
    className="callToAction"
  >
    <Link
      to="/"
    >
      Text
    </Link>
  </div>
</section>
`;
