// Jest Snapshot v1, https://goo.gl/fbAQLP

exports[`Header renders correctly 1`] = `
<div
  className="headerContainer"
>
  <header>
    <h1>
      <Link
        to="/"
      />
    </h1>
    <div>
      <button
        className="navLink"
        id="nav-link"
        onClick={[Function]}
      >
        ☰
      </button>
      <div
        className="menu horizontalAlignCenter verticalAlignCenter"
        id="menu"
      >
        <button
          className="navClose"
          id="nav-close"
          onClick={[Function]}
        >
          ×
        </button>
        <nav>
          <ul>
            <li>
              <Link
                title={null}
                to="#"
              >
                Menu Entry 1
              </Link>
            </li>
            <li>
              <Link
                title={null}
                to="#"
              >
                Menu Entry 2
              </Link>
            </li>
            <li>
              <Link
                title={null}
                to="#"
              >
                Menu Entry 3
              </Link>
            </li>
            <li>
              <Link
                title={null}
                to="#"
              >
                Menu Entry 4
              </Link>
            </li>
            <li>
              <Link
                title={null}
                to="#"
              >
                Menu Entry 5
              </Link>
            </li>
            <li>
              <Link
                title={null}
                to="#"
              >
                Menu Entry 6
              </Link>
            </li>
          </ul>
        </nav>
      </div>
    </div>
  </header>
</div>
`;
