// Jest Snapshot v1, https://goo.gl/fbAQLP

exports[`Header renders correctly 1`] = `
<div
  className="css-18penj4"
>
  <header
    className="css-1qn1oi3"
  >
    <h1
      className="css-1y2up5a"
    >
      <Link
        className="css-0"
        to="/"
      >
        <div
          className="css-gajhq5"
        >
          O
        </div>
      </Link>
      <Link
        className="css-0"
        to="/"
      >
        Site Title
      </Link>
    </h1>
    <div>
      <button
        className="css-0"
        id="nav-link"
        onClick={[Function]}
      >
        <span
          className="css-1f55rt2"
          title="Toggle Menu"
        >
          <svg
            className="css-xxjuk1"
            fill="currentcolor"
            viewBox="0 0 24 24"
            xmlns="http://www.w3.org/2000/svg"
          >
            <rect
              height="1.23"
              width="20"
            />
            <rect
              height="1.23"
              width="20"
              y="8"
            />
            <rect
              height="1.23"
              width="20"
              y="16"
            />
          </svg>
        </span>
      </button>
      <div
        className="horizontal-align-center vertical-align-center css-1gl1ukg"
        id="menu"
      >
        <button
          className="css-0"
          id="nav-close"
          onClick={[Function]}
        >
          <span
            className="css-hzp8v1"
            title="Close Menu"
          >
            <svg
              className="css-xxjuk1"
              fill="currentcolor"
              height="1em"
              viewBox="0 0 24 24"
              width="1em"
              xmlns="http://www.w3.org/2000/svg"
            >
              <polygon
                points="13.37 0.71 12.66 0 6.68 5.98 0.71 0 0 0.71 5.98 6.68 0 12.66 0.71 13.37 6.68 7.39 12.66 13.37 13.37 12.66 7.39 6.68 13.37 0.71"
              />
            </svg>
          </span>
        </button>
        <nav>
          <ul
            className="css-0"
          >
            <li>
              <Link
                activeClassName="active"
                className="css-0"
                title="Title"
                to="#"
              >
                Menu Entry 1
              </Link>
            </li>
            <li>
              <Link
                activeClassName="active"
                className="css-0"
                target="_blank"
                to="#"
              >
                Menu Entry 2
              </Link>
            </li>
          </ul>
        </nav>
      </div>
    </div>
  </header>
</div>
`;
