// Jest Snapshot v1, https://goo.gl/fbAQLP

exports[`Header renders correctly 1`] = `
<div
  className="css-18penj4"
>
  <header
    className="css-1qn1oi3"
  >
    <h1
      className="css-1y2up5a"
    >
      <Link
        className="css-0"
        to="/"
      >
        <div
          className="css-gajhq5"
        >
          O
        </div>
      </Link>
      <Link
        className="css-0"
        to="/"
      >
        Site Title
      </Link>
    </h1>
    <div>
      <button
        className="css-0"
        id="nav-link"
        onClick={[Function]}
      >
        <svg
          viewBox="0 0 17.91 15.39"
          xmlns="http://www.w3.org/2000/svg"
        >
          <path
            d="M0 0h17.91v1H0zM0 7.2h17.91v1H0zM0 14.39h17.91v1H0z"
            fill="primary"
          />
        </svg>
      </button>
      <div
        className="horizontal-align-center vertical-align-center css-1gl1ukg"
        id="menu"
      >
        <button
          className="css-0"
          id="nav-close"
          onClick={[Function]}
        >
          <svg
            fill="primary"
            viewBox="0 0 13.37 13.37"
            xmlns="http://www.w3.org/2000/svg"
          >
            <path
              d="M13.37.71L12.66 0 6.68 5.98.71 0 0 .71l5.98 5.97L0 12.66l.71.71 5.97-5.98 5.98 5.98.71-.71-5.98-5.98L13.37.71z"
            />
          </svg>
        </button>
        <nav>
          <ul
            className="css-0"
          >
            <li>
              <Link
                activeClassName="active"
                className="css-0"
                title="Title"
                to="#"
              >
                Menu Entry 1
              </Link>
            </li>
            <li>
              <Link
                activeClassName="active"
                className="css-0"
                target="_blank"
                to="#"
              >
                Menu Entry 2
              </Link>
            </li>
          </ul>
        </nav>
      </div>
    </div>
  </header>
</div>
`;
