// Jest Snapshot v1, https://goo.gl/fbAQLP

exports[`Carousel renders correctly 1`] = `
<div
  className="css-1e6fy2z"
>
  <div
    className="css-w9h8df"
  >
    <div
      className="carouselSlides"
    />
  </div>
  <div>
    <ul
      className="css-1rvow9d"
    >
      <li
        className="css-nl3xa5"
        onClick={[Function]}
      >
        <a
          className="css-ytumd6"
          href="#slide-0"
        >
           
        </a>
      </li>
    </ul>
  </div>
</div>
`;
