// Jest Snapshot v1, https://goo.gl/fbAQLP

exports[`Hero renders correctly 1`] = `
<section
  className="heroSection"
>
  <h2>
    Title
  </h2>
  <p>
    Body
  </p>
  <div>
    <button
      className="button"
    >
      <Link
        to="/"
      >
        <text
          className="text"
        >
          Text
        </text>
      </Link>
    </button>
  </div>
</section>
`;
