// Jest Snapshot v1, https://goo.gl/fbAQLP

exports[`Slider renders correctly 1`] = `
<div
  className="slider"
>
  <div
    className="sliderArrows"
  >
    <div
      className="arrowLeft"
      onClick={[Function]}
      role="button"
    >
      <img
        alt=""
        src="test-file-stub"
      />
    </div>
    <div
      className="arrowRight"
      onClick={[Function]}
      role="button"
    >
      <img
        alt=""
        src="test-file-stub"
      />
    </div>
  </div>
  <div
    className="innerContainer"
    style={
      Object {
        "width": "1800px",
      }
    }
  >
    <div
      className="sliderItems"
      style={
        Object {
          "marginLeft": "-0px",
        }
      }
    >
      <div
        className="slide"
        style={
          Object {
            "backgroundImage": "url(test-file-stub)",
            "backgroundPosition": "center top",
            "backgroundRepeat": "no-repeat",
            "float": "left",
            "height": "300px",
            "width": "300px",
          }
        }
      />
      <div
        className="slide"
        style={
          Object {
            "backgroundImage": "url(test-file-stub)",
            "backgroundPosition": "center top",
            "backgroundRepeat": "no-repeat",
            "float": "left",
            "height": "300px",
            "width": "300px",
          }
        }
      />
      <div
        className="slide"
        style={
          Object {
            "backgroundImage": "url(test-file-stub)",
            "backgroundPosition": "center top",
            "backgroundRepeat": "no-repeat",
            "float": "left",
            "height": "300px",
            "width": "300px",
          }
        }
      />
      <div
        className="slide"
        style={
          Object {
            "backgroundImage": "url(test-file-stub)",
            "backgroundPosition": "center top",
            "backgroundRepeat": "no-repeat",
            "float": "left",
            "height": "300px",
            "width": "300px",
          }
        }
      />
      <div
        className="slide"
        style={
          Object {
            "backgroundImage": "url(test-file-stub)",
            "backgroundPosition": "center top",
            "backgroundRepeat": "no-repeat",
            "float": "left",
            "height": "300px",
            "width": "300px",
          }
        }
      />
      <div
        className="slide"
        style={
          Object {
            "backgroundImage": "url(test-file-stub)",
            "backgroundPosition": "center top",
            "backgroundRepeat": "no-repeat",
            "float": "left",
            "height": "300px",
            "width": "300px",
          }
        }
      />
    </div>
  </div>
</div>
`;
