// Jest Snapshot v1, https://goo.gl/fbAQLP

exports[`Slider renders correctly 1`] = `
<div
  className="slider"
>
  <div
    className="innerContainer"
    style={
      Object {
        "width": "calc(6*300px)",
      }
    }
  >
    <div
      className="sliderArrows"
    >
      <a
        className="arrowLeft"
        onClick={[Function]}
      >
        <img
          src="test-file-stub"
        />
      </a>
      <a
        className="arrowRight"
        onClick={[Function]}
      >
        <img
          src="test-file-stub"
        />
      </a>
    </div>
    <div
      className="sliderItems"
    >
      <div
        className="slide"
        style={
          Object {
            "backgroundImage": "url(test-file-stub)",
            "backgroundPosition": "center top",
            "backgroundRepeat": "no-repeat",
            "float": "left",
            "height": "300px",
            "width": "300px",
          }
        }
      />
      <div
        className="slide"
        style={
          Object {
            "backgroundImage": "url(test-file-stub)",
            "backgroundPosition": "center top",
            "backgroundRepeat": "no-repeat",
            "float": "left",
            "height": "300px",
            "width": "300px",
          }
        }
      />
      <div
        className="slide"
        style={
          Object {
            "backgroundImage": "url(test-file-stub)",
            "backgroundPosition": "center top",
            "backgroundRepeat": "no-repeat",
            "float": "left",
            "height": "300px",
            "width": "300px",
          }
        }
      />
      <div
        className="slide"
        style={
          Object {
            "backgroundImage": "url(test-file-stub)",
            "backgroundPosition": "center top",
            "backgroundRepeat": "no-repeat",
            "float": "left",
            "height": "300px",
            "width": "300px",
          }
        }
      />
      <div
        className="slide"
        style={
          Object {
            "backgroundImage": "url(test-file-stub)",
            "backgroundPosition": "center top",
            "backgroundRepeat": "no-repeat",
            "float": "left",
            "height": "300px",
            "width": "300px",
          }
        }
      />
      <div
        className="slide"
        style={
          Object {
            "backgroundImage": "url(test-file-stub)",
            "backgroundPosition": "center top",
            "backgroundRepeat": "no-repeat",
            "float": "left",
            "height": "300px",
            "width": "300px",
          }
        }
      />
    </div>
  </div>
</div>
`;
