// Jest Snapshot v1, https://goo.gl/fbAQLP

exports[`Post-Link renders correctly 1`] = `
<div
  className="css-jn01mi"
>
  <h2
    className="css-1e0e5in"
  >
    <Link
      className="css-1ycv66s"
      to="/slug"
    >
      title
    </Link>
  </h2>
  <h3
    className="css-umd53x"
  >
    <Link
      className="css-sgt0ek"
      to="/slug"
    >
      November 05, 2018
    </Link>
  </h3>
  <p
    className="css-10y66la"
  >
    excerpt
  </p>
  <div
    className="css-xi606m"
  >
    <button
      className="css-4cr8dp"
    >
      <Link
        className="css-ytumd6"
        to="/slug"
      >
        <span
          className="css-ehimi3"
        >
          Read more
        </span>
      </Link>
    </button>
  </div>
</div>
`;
