// Jest Snapshot v1, https://goo.gl/fbAQLP

exports[`Post-Link renders correctly 1`] = `
<div
  className="postLinkMainContainer"
>
  <h2
    className="postLinkTitle"
  >
    <Link
      className="postLinkSlug"
      to="/slug"
    >
      title
    </Link>
  </h2>
  <h3
    className="postLinkDate"
  >
    <Link
      className="postLinkSlug"
      to="/slug"
    >
      November 05, 2018
    </Link>
  </h3>
  <p
    className="postLinkExcerpt"
  >
    excerpt
  </p>
  <div
    className="buttonContainer"
  >
    <button
      className="button"
    >
      <Link
        to="/slug"
      >
        <span
          className="buttonText"
        >
          Read more
        </span>
      </Link>
    </button>
  </div>
</div>
`;
