// Jest Snapshot v1, https://goo.gl/fbAQLP

exports[`Checkbox renders correctly 1`] = `
<label
  className="label"
>
  <input
    className="element autoWidth"
    name="Name"
    type="checkbox"
    value="Value"
  />
  <span
    className="afterFormElement"
  />
  <span
    className="checkmark"
  />
</label>
`;
