// Jest Snapshot v1, https://goo.gl/fbAQLP

exports[`Input renders correctly 1`] = `
<div>
  <div
    className="formMessage info"
  >
    Hier ist alles in Ordnung!
  </div>
  <input
    className="element"
    name="Name"
    type="text"
  />
  <span
    className="afterFormElement"
  />
</div>
`;
