// Jest Snapshot v1, https://goo.gl/fbAQLP

exports[`Callout renders correctly 1`] = `
<section
  className="calloutSection"
>
  <h1>
    Message
  </h1>
  <div>
    <button
      className="button"
    >
      <Link
        to="/"
      >
        <text
          className="text"
        >
           
          Text
        </text>
      </Link>
    </button>
  </div>
</section>
`;
