// Jest Snapshot v1, https://goo.gl/fbAQLP

exports[`Callout renders correctly 1`] = `
<section
  className="calloutSection"
>
  <button
    className="button"
  >
    <Link
      to="/"
    >
      <span
        className="text"
      >
         
        Text
      </span>
    </Link>
  </button>
  <h2
    className="message"
  >
     
    Message
     
  </h2>
</section>
`;
