// Jest Snapshot v1, https://goo.gl/fbAQLP

exports[`Callout renders correctly 1`] = `
<section
  className="css-s9g8ug"
>
  <h2
    className="css-1qp22yt"
  >
     
    Message
     
  </h2>
  <button
    className="css-f13g10"
  >
    <Link
      className="css-g3g1sv"
      to="/"
    >
      Text
    </Link>
  </button>
</section>
`;
