// Jest Snapshot v1, https://goo.gl/fbAQLP

exports[`CallToAction renders correctly 1`] = `
<section>
  <button
    className="css-1j58cyo"
  >
    <Link
      to="/"
    >
      <span
        className="css-1ud81av"
      >
         
        Text
         
      </span>
    </Link>
  </button>
</section>
`;
