// Jest Snapshot v1, https://goo.gl/fbAQLP

exports[`CallToAction renders correctly 1`] = `
<section
  className="css-1uk1gs8"
>
  <button
    className="css-wncyg6"
  >
    <Link
      to="/"
    >
      <span
        className="css-1p49tl4"
      >
         
        Text
         
      </span>
    </Link>
  </button>
</section>
`;
