// Jest Snapshot v1, https://goo.gl/fbAQLP

exports[`CallToAction renders correctly 1`] = `
<section
  className="callToActionSection"
>
  <button
    className="button"
  >
    <Link
      to="/"
    >
      <span>
         
        Text
         
      </span>
    </Link>
  </button>
</section>
`;
